// Jest Snapshot v1, https://goo.gl/fbAQLP

exports[`GridHeader Snapshot renders a Snapshot without error 1`] = `
<div
  className="grid-header-layout grid-layout-8cols"
  id="dummyIdheader"
>
  <div
    className="grid-header-cell"
  >
    <span
      className="grid-header-item"
    >
      Year
    </span>
  </div>
  <div
    className="grid-header-cell"
  >
    <span
      className="grid-header-item"
    >
      Start Balance
    </span>
  </div>
  <div
    className="grid-header-cell"
  >
    <span
      className="grid-header-item"
    >
      Earnings
    </span>
  </div>
  <div
    className="grid-header-cell"
  >
    <span
      className="grid-header-item"
    >
      Receipts
    </span>
  </div>
  <div
    className="grid-header-cell"
  >
    <span
      className="grid-header-item"
    >
      Tax Payments
    </span>
  </div>
  <div
    className="grid-header-cell"
  >
    <span
      className="grid-header-item"
    >
      Transfers Out
    </span>
  </div>
  <div
    className="grid-header-cell"
  >
    <span
      className="grid-header-item"
    >
      Retiree Payout
    </span>
  </div>
  <div
    className="grid-header-cell"
  >
    <span
      className="grid-header-item"
    >
      End Balance
    </span>
  </div>
</div>
`;

exports[`GridRows Snapshot renders a Snapshot without error 1`] = `
Array [
  <GridRows
    columnClassNameAddOn="grid-layout-8cols"
    dataArray={
        Array [
            Array [
              "2005",
              "150,000",
              "15,000",
              "5,000",
              "4,200",
              "0",
              "0",
              "165,800",
            ],
            Array [
              "2006",
              "165,800",
              "16,580",
              "5,000",
              "4,642",
              "0",
              "0",
              "182,738",
            ],
            Array [
              "2007",
              "182,738",
              "18,274",
              "5,000",
              "5,117",
              "0",
              "0",
              "200,895",
            ],
            Array [
              "2008",
              "200,895",
              "20,090",
              "5,000",
              "5,625",
              "0",
              "0",
              "220,360",
            ],
            Array [
              "2009",
              "220,360",
              "22,036",
              "5,000",
              "6,170",
              "0",
              "0",
              "241,226",
            ],
            Array [
              "2010",
              "241,226",
              "24,123",
              "5,000",
              "6,754",
              "30,000",
              "0",
              "233,595",
            ],
            Array [
              "2011",
              "233,595",
              "23,360",
              "5,000",
              "6,541",
              "30,000",
              "0",
              "225,414",
            ],
            Array [
              "2012",
              "225,414",
              "22,541",
              "5,000",
              "6,311",
              "60,000",
              "0",
              "186,644",
            ],
            Array [
              "2013",
              "186,644",
              "18,664",
              "5,000",
              "5,226",
              "60,000",
              "0",
              "145,082",
            ],
            Array [
              "2014",
              "145,082",
              "14,508",
              "5,000",
              "4,062",
              "30,000",
              "0",
              "130,528",
            ],
            Array [
              "2015",
              "130,528",
              "13,053",
              "5,000",
              "3,655",
              "30,000",
              "0",
              "114,926",
            ],
            Array [
              "2016",
              "114,926",
              "11,493",
              "5,000",
              "3,218",
              "0",
              "0",
              "128,201",
            ],
            Array [
              "2017",
              "128,201",
              "12,820",
              "5,000",
              "3,590",
              "0",
              "0",
              "142,431",
            ],
            Array [
              "2018",
              "142,431",
              "14,243",
              "5,000",
              "3,988",
              "0",
              "0",
              "157,686",
            ],
            Array [
              "2019",
              "157,686",
              "15,769",
              "5,000",
              "4,415",
              "0",
              "0",
              "174,040",
            ],
            Array [
              "2020",
              "174,040",
              "17,404",
              "5,000",
              "4,873",
              "0",
              "0",
              "191,571",
            ],
            Array [
              "2021",
              "191,571",
              "19,157",
              "5,000",
              "5,364",
              "0",
              "0",
              "210,364",
            ],
            Array [
              "2022",
              "210,364",
              "21,036",
              "5,000",
              "5,890",
              "0",
              "0",
              "230,510",
            ],
            Array [
              "2023",
              "230,510",
              "23,051",
              "5,000",
              "6,454",
              "0",
              "0",
              "252,107",
            ],
            Array [
              "2024",
              "252,107",
              "25,211",
              "5,000",
              "7,059",
              "0",
              "0",
              "275,259",
            ],
            Array [
              "2025",
              "275,259",
              "27,526",
              "0",
              "7,707",
              "0",
              "178,316",
              "116,762",
            ],
            Array [
              "2026",
              "116,762",
              "11,676",
              "0",
              "3,269",
              "0",
              "125,169",
              "0",
            ],
            Array [
              "2027",
              "0",
              "0",
              "0",
              "0",
              "0",
              "0",
              "0",
            ],
            Array [
              "2028",
              "0",
              "0",
              "0",
              "0",
              "0",
              "0",
              "0",
            ],
            Array [
              "2029",
              "0",
              "0",
              "0",
              "0",
              "0",
              "0",
              "0",
            ],
            Array [
              "2030",
              "0",
              "0",
              "0",
              "0",
              "0",
              "0",
              "0",
            ],
            Array [
              "2031",
              "0",
              "0",
              "0",
              "0",
              "0",
              "0",
              "0",
            ],
            Array [
              "2032",
              "0",
              "0",
              "0",
              "0",
              "0",
              "0",
              "0",
            ],
            Array [
              "2033",
              "0",
              "0",
              "0",
              "0",
              "0",
              "0",
              "0",
            ],
            Array [
              "2034",
              "0",
              "0",
              "0",
              "0",
              "0",
              "0",
              "0",
            ],
            Array [
              "2035",
              "0",
              "0",
              "0",
              "0",
              "0",
              "0",
              "0",
            ],
            Array [
              "2036",
              "0",
              "0",
              "0",
              "0",
              "0",
              "0",
              "0",
            ],
            Array [
              "2037",
              "0",
              "0",
              "0",
              "0",
              "0",
              "0",
              "0",
            ],
            Array [
              "2038",
              "0",
              "0",
              "0",
              "0",
              "0",
              "0",
              "0",
            ],
            Array [
              "2039",
              "0",
              "0",
              "0",
              "0",
              "0",
              "0",
              "0",
            ],
            Array [
              "2040",
              "0",
              "0",
              "0",
              "0",
              "0",
              "0",
              "0",
            ],
            Array [
              "2041",
              "0",
              "0",
              "0",
              "0",
              "0",
              "0",
              "0",
            ],
            Array [
              "2042",
              "0",
              "0",
              "0",
              "0",
              "0",
              "0",
              "0",
            ],
            Array [
              "2043",
              "0",
              "0",
              "0",
              "0",
              "0",
              "0",
              "0",
            ],
            Array [
              "2044",
              "0",
              "0",
              "0",
              "0",
              "0",
              "0",
              "0",
            ],
            Array [
              "2045",
              "0",
              "0",
              "0",
              "0",
              "0",
              "0",
              "0",
            ],
            Array [
              "2046",
              "0",
              "0",
              "0",
              "0",
              "0",
              "0",
              "0",
            ],
            Array [
              "2047",
              "0",
              "0",
              "0",
              "0",
              "0",
              "0",
              "0",
            ],
            Array [
              "2048",
              "0",
              "0",
              "0",
              "0",
              "0",
              "0",
              "0",
            ],
            Array [
              "2049",
              "0",
              "0",
              "0",
              "0",
              "0",
              "0",
              "0",
            ],
            Array [
              "2050",
              "0",
              "0",
              "0",
              "0",
              "0",
              "0",
              "0",
            ],
            Array [
              "2051",
              "0",
              "0",
              "0",
              "0",
              "0",
              "0",
              "0",
            ],
          ]
    }
    dataWrapperId="dummydataId"
    headerWrapperId="dummyheaderId"
    wrapperId="dummyId"
/>,
]
`;

exports[`GridRows Snapshot renders a Snapshot without error 2`] = `
Array [
  <GridRows
    columnClassNameAddOn="grid-layout-8cols"
    dataArray={
        Array [
            Array [
              "2005",
              "150,000",
              "15,000",
              "5,000",
              "4,200",
              "0",
              "0",
              "165,800",
            ],
            Array [
              "2006",
              "165,800",
              "16,580",
              "5,000",
              "4,642",
              "0",
              "0",
              "182,738",
            ],
            Array [
              "2007",
              "182,738",
              "18,274",
              "5,000",
              "5,117",
              "0",
              "0",
              "200,895",
            ],
            Array [
              "2008",
              "200,895",
              "20,090",
              "5,000",
              "5,625",
              "0",
              "0",
              "220,360",
            ],
            Array [
              "2009",
              "220,360",
              "22,036",
              "5,000",
              "6,170",
              "0",
              "0",
              "241,226",
            ],
            Array [
              "2010",
              "241,226",
              "24,123",
              "5,000",
              "6,754",
              "30,000",
              "0",
              "233,595",
            ],
            Array [
              "2011",
              "233,595",
              "23,360",
              "5,000",
              "6,541",
              "30,000",
              "0",
              "225,414",
            ],
            Array [
              "2012",
              "225,414",
              "22,541",
              "5,000",
              "6,311",
              "60,000",
              "0",
              "186,644",
            ],
            Array [
              "2013",
              "186,644",
              "18,664",
              "5,000",
              "5,226",
              "60,000",
              "0",
              "145,082",
            ],
            Array [
              "2014",
              "145,082",
              "14,508",
              "5,000",
              "4,062",
              "30,000",
              "0",
              "130,528",
            ],
            Array [
              "2015",
              "130,528",
              "13,053",
              "5,000",
              "3,655",
              "30,000",
              "0",
              "114,926",
            ],
            Array [
              "2016",
              "114,926",
              "11,493",
              "5,000",
              "3,218",
              "0",
              "0",
              "128,201",
            ],
            Array [
              "2017",
              "128,201",
              "12,820",
              "5,000",
              "3,590",
              "0",
              "0",
              "142,431",
            ],
            Array [
              "2018",
              "142,431",
              "14,243",
              "5,000",
              "3,988",
              "0",
              "0",
              "157,686",
            ],
            Array [
              "2019",
              "157,686",
              "15,769",
              "5,000",
              "4,415",
              "0",
              "0",
              "174,040",
            ],
            Array [
              "2020",
              "174,040",
              "17,404",
              "5,000",
              "4,873",
              "0",
              "0",
              "191,571",
            ],
            Array [
              "2021",
              "191,571",
              "19,157",
              "5,000",
              "5,364",
              "0",
              "0",
              "210,364",
            ],
            Array [
              "2022",
              "210,364",
              "21,036",
              "5,000",
              "5,890",
              "0",
              "0",
              "230,510",
            ],
            Array [
              "2023",
              "230,510",
              "23,051",
              "5,000",
              "6,454",
              "0",
              "0",
              "252,107",
            ],
            Array [
              "2024",
              "252,107",
              "25,211",
              "5,000",
              "7,059",
              "0",
              "0",
              "275,259",
            ],
            Array [
              "2025",
              "275,259",
              "27,526",
              "0",
              "7,707",
              "0",
              "178,316",
              "116,762",
            ],
            Array [
              "2026",
              "116,762",
              "11,676",
              "0",
              "3,269",
              "0",
              "125,169",
              "0",
            ],
            Array [
              "2027",
              "0",
              "0",
              "0",
              "0",
              "0",
              "0",
              "0",
            ],
            Array [
              "2028",
              "0",
              "0",
              "0",
              "0",
              "0",
              "0",
              "0",
            ],
            Array [
              "2029",
              "0",
              "0",
              "0",
              "0",
              "0",
              "0",
              "0",
            ],
            Array [
              "2030",
              "0",
              "0",
              "0",
              "0",
              "0",
              "0",
              "0",
            ],
            Array [
              "2031",
              "0",
              "0",
              "0",
              "0",
              "0",
              "0",
              "0",
            ],
            Array [
              "2032",
              "0",
              "0",
              "0",
              "0",
              "0",
              "0",
              "0",
            ],
            Array [
              "2033",
              "0",
              "0",
              "0",
              "0",
              "0",
              "0",
              "0",
            ],
            Array [
              "2034",
              "0",
              "0",
              "0",
              "0",
              "0",
              "0",
              "0",
            ],
            Array [
              "2035",
              "0",
              "0",
              "0",
              "0",
              "0",
              "0",
              "0",
            ],
            Array [
              "2036",
              "0",
              "0",
              "0",
              "0",
              "0",
              "0",
              "0",
            ],
            Array [
              "2037",
              "0",
              "0",
              "0",
              "0",
              "0",
              "0",
              "0",
            ],
            Array [
              "2038",
              "0",
              "0",
              "0",
              "0",
              "0",
              "0",
              "0",
            ],
            Array [
              "2039",
              "0",
              "0",
              "0",
              "0",
              "0",
              "0",
              "0",
            ],
            Array [
              "2040",
              "0",
              "0",
              "0",
              "0",
              "0",
              "0",
              "0",
            ],
            Array [
              "2041",
              "0",
              "0",
              "0",
              "0",
              "0",
              "0",
              "0",
            ],
            Array [
              "2042",
              "0",
              "0",
              "0",
              "0",
              "0",
              "0",
              "0",
            ],
            Array [
              "2043",
              "0",
              "0",
              "0",
              "0",
              "0",
              "0",
              "0",
            ],
            Array [
              "2044",
              "0",
              "0",
              "0",
              "0",
              "0",
              "0",
              "0",
            ],
            Array [
              "2045",
              "0",
              "0",
              "0",
              "0",
              "0",
              "0",
              "0",
            ],
            Array [
              "2046",
              "0",
              "0",
              "0",
              "0",
              "0",
              "0",
              "0",
            ],
            Array [
              "2047",
              "0",
              "0",
              "0",
              "0",
              "0",
              "0",
              "0",
            ],
            Array [
              "2048",
              "0",
              "0",
              "0",
              "0",
              "0",
              "0",
              "0",
            ],
            Array [
              "2049",
              "0",
              "0",
              "0",
              "0",
              "0",
              "0",
              "0",
            ],
            Array [
              "2050",
              "0",
              "0",
              "0",
              "0",
              "0",
              "0",
              "0",
            ],
            Array [
              "2051",
              "0",
              "0",
              "0",
              "0",
              "0",
              "0",
              "0",
            ],
          ]
    }
    dataWrapperId="dummydataId"
    headerWrapperId="dummyheaderId"
    wrapperId="dummyId"
/>,
]
`;
